
> jobpsych-frontend@0.0.0 test:coverage
> vitest run --coverage


[1m[46m RUN [49m[22m [36mv3.2.4 [39m[90mD:/Development/Projects/Ideas based projects/JobPsych/jobpsych frontend[39m
      [2mCoverage enabled with [22m[33mv8[39m

stderr | src/pages/__tests__/RoleSuggestion.test.jsx > RoleSuggestion Component > loads persisted data from localStorage on mount
Received NaN for the `children` attribute. If this is expected, cast the value to a string.

stderr | src/pages/__tests__/RoleSuggestion.test.jsx > RoleSuggestion Component > handles invalid localStorage data gracefully
Failed to load persisted data: SyntaxError: Unexpected token 'i', "invalid json" is not valid JSON
    at JSON.parse (<anonymous>)
    at D:\Development\Projects\Ideas based projects\JobPsych\jobpsych frontend\src\pages\RoleSuggestion.jsx:46:18
    at Object.react-stack-bottom-frame (D:\Development\Projects\Ideas based projects\JobPsych\jobpsych frontend\node_modules\react-dom\cjs\react-dom-client.development.js:23949:20)
    at runWithFiberInDEV (D:\Development\Projects\Ideas based projects\JobPsych\jobpsych frontend\node_modules\react-dom\cjs\react-dom-client.development.js:1522:13)
    at commitHookEffectListMount (D:\Development\Projects\Ideas based projects\JobPsych\jobpsych frontend\node_modules\react-dom\cjs\react-dom-client.development.js:11905:29)
    at commitHookPassiveMountEffects (D:\Development\Projects\Ideas based projects\JobPsych\jobpsych frontend\node_modules\react-dom\cjs\react-dom-client.development.js:12028:11)
    at commitPassiveMountOnFiber (D:\Development\Projects\Ideas based projects\JobPsych\jobpsych frontend\node_modules\react-dom\cjs\react-dom-client.development.js:13841:13)
    at recursivelyTraversePassiveMountEffects (D:\Development\Projects\Ideas based projects\JobPsych\jobpsych frontend\node_modules\react-dom\cjs\react-dom-client.development.js:13815:11)
    at commitPassiveMountOnFiber (D:\Development\Projects\Ideas based projects\JobPsych\jobpsych frontend\node_modules\react-dom\cjs\react-dom-client.development.js:13853:11)
    at flushPassiveEffects (D:\Development\Projects\Ideas based projects\JobPsych\jobpsych frontend\node_modules\react-dom\cjs\react-dom-client.development.js:15737:9)
Failed to parse rate limit data: SyntaxError: Unexpected token 'i', "invalid json" is not valid JSON
    at JSON.parse (<anonymous>)
    at getResumeAnalysisRateLimit (D:\Development\Projects\Ideas based projects\JobPsych\jobpsych frontend\src\utils\resumeRateLimitService.js:24:23)
    at D:\Development\Projects\Ideas based projects\JobPsych\jobpsych frontend\src\pages\RoleSuggestion.jsx:58:27
    at Object.react-stack-bottom-frame (D:\Development\Projects\Ideas based projects\JobPsych\jobpsych frontend\node_modules\react-dom\cjs\react-dom-client.development.js:23949:20)
    at runWithFiberInDEV (D:\Development\Projects\Ideas based projects\JobPsych\jobpsych frontend\node_modules\react-dom\cjs\react-dom-client.development.js:1522:13)
    at commitHookEffectListMount (D:\Development\Projects\Ideas based projects\JobPsych\jobpsych frontend\node_modules\react-dom\cjs\react-dom-client.development.js:11905:29)
    at commitHookPassiveMountEffects (D:\Development\Projects\Ideas based projects\JobPsych\jobpsych frontend\node_modules\react-dom\cjs\react-dom-client.development.js:12028:11)
    at commitPassiveMountOnFiber (D:\Development\Projects\Ideas based projects\JobPsych\jobpsych frontend\node_modules\react-dom\cjs\react-dom-client.development.js:13841:13)
    at recursivelyTraversePassiveMountEffects (D:\Development\Projects\Ideas based projects\JobPsych\jobpsych frontend\node_modules\react-dom\cjs\react-dom-client.development.js:13815:11)
    at commitPassiveMountOnFiber (D:\Development\Projects\Ideas based projects\JobPsych\jobpsych frontend\node_modules\react-dom\cjs\react-dom-client.development.js:13853:11)

stderr | src/pages/__tests__/RoleSuggestion.test.jsx > RoleSuggestion Component > handles resume analysis successfully
[MSW] Warning: intercepted a request without a matching request handler:

  ΓÇó POST /api/analyze-resume

  ΓÇó Request body: ------HappyDOMFormDataBoundary0.dexoojdnjhf
Content-Disposition: form-data; name="file"; filename="resume.pdf"
Content-Type: application/pdf

resume content
------HappyDOMFormDataBoundary0.dexoojdnjhf--


If you still wish to intercept this unhandled request, please create a request handler for it.
Read more: https://mswjs.io/docs/http/intercepting-requests

 [32mΓ£ô[39m src/components/error/__tests__/RateLimitError.test.jsx [2m([22m[2m29 tests[22m[2m | [22m[33m1 skipped[39m[2m)[22m[33m 697[2mms[22m[39m
 [32mΓ£ô[39m src/components/layout/__tests__/Footer.test.jsx [2m([22m[2m16 tests[22m[2m)[22m[33m 616[2mms[22m[39m
stderr | src/pages/__tests__/RoleSuggestion.test.jsx > RoleSuggestion Component > handles API errors gracefully
[MSW] Warning: intercepted a request without a matching request handler:

  ΓÇó POST /api/analyze-resume

  ΓÇó Request body: ------HappyDOMFormDataBoundary0.n78l2w3rinf
Content-Disposition: form-data; name="file"; filename="resume.pdf"
Content-Type: application/pdf

resume content
------HappyDOMFormDataBoundary0.n78l2w3rinf--


If you still wish to intercept this unhandled request, please create a request handler for it.
Read more: https://mswjs.io/docs/http/intercepting-requests

 [32mΓ£ô[39m src/components/layout/__tests__/Header.test.jsx [2m([22m[2m17 tests[22m[2m)[22m[33m 676[2mms[22m[39m
stderr | src/pages/__tests__/RoleSuggestion.test.jsx > RoleSuggestion Component > persists data to localStorage
[MSW] Warning: intercepted a request without a matching request handler:

  ΓÇó POST /api/analyze-resume

  ΓÇó Request body: ------HappyDOMFormDataBoundary0.lihy539135n
Content-Disposition: form-data; name="file"; filename="resume.pdf"
Content-Type: application/pdf

resume content
------HappyDOMFormDataBoundary0.lihy539135n--


If you still wish to intercept this unhandled request, please create a request handler for it.
Read more: https://mswjs.io/docs/http/intercepting-requests

stderr | src/pages/__tests__/RoleSuggestion.test.jsx > RoleSuggestion Component > persists data to localStorage
[MSW] Warning: intercepted a request without a matching request handler:

  ΓÇó POST /api/analyze-resume

  ΓÇó Request body: ------HappyDOMFormDataBoundary0.8w6g5r9qfox
Content-Disposition: form-data; name="file"; filename="resume.pdf"
Content-Type: application/pdf

resume content
------HappyDOMFormDataBoundary0.8w6g5r9qfox--


If you still wish to intercept this unhandled request, please create a request handler for it.
Read more: https://mswjs.io/docs/http/intercepting-requests

 [32mΓ£ô[39m src/components/__tests__/Chatbot.test.jsx [2m([22m[2m27 tests[22m[2m)[22m[33m 1033[2mms[22m[39m
stderr | src/pages/__tests__/RoleSuggestion.test.jsx > RoleSuggestion Component > displays analysis results correctly
[MSW] Warning: intercepted a request without a matching request handler:

  ΓÇó POST /api/analyze-resume

  ΓÇó Request body: ------HappyDOMFormDataBoundary0.126ihz7b40df
Content-Disposition: form-data; name="file"; filename="resume.pdf"
Content-Type: application/pdf

resume content
------HappyDOMFormDataBoundary0.126ihz7b40df--


If you still wish to intercept this unhandled request, please create a request handler for it.
Read more: https://mswjs.io/docs/http/intercepting-requests

 [32mΓ£ô[39m src/components/hero/__tests__/HeroSection.test.jsx [2m([22m[2m14 tests[22m[2m)[22m[33m 747[2mms[22m[39m
 [32mΓ£ô[39m src/pages/__tests__/RoleSuggestion.test.jsx [2m([22m[2m14 tests[22m[2m)[22m[33m 1309[2mms[22m[39m
 [32mΓ£ô[39m src/components/error/__tests__/ErrorBoundary.test.jsx [2m([22m[2m22 tests[22m[2m)[22m[33m 551[2mms[22m[39m
 [32mΓ£ô[39m src/components/features/__tests__/FeaturesSection.test.jsx [2m([22m[2m19 tests[22m[2m)[22m[33m 551[2mms[22m[39m
 [32mΓ£ô[39m src/pages/__tests__/ATSAnalyzer.test.jsx [2m([22m[2m15 tests[22m[2m)[22m[33m 534[2mms[22m[39m
 [32mΓ£ô[39m src/components/error/__tests__/ResumeRateLimitError.test.jsx [2m([22m[2m27 tests[22m[2m)[22m[33m 449[2mms[22m[39m
 [32mΓ£ô[39m src/test/integration/chatbot.integration.test.jsx [2m([22m[2m5 tests[22m[2m)[22m[33m 3720[2mms[22m[39m
   [33m[2mΓ£ô[22m[39m Chatbot Integration Tests[2m > [22muser can send message and receive AI response [33m 1761[2mms[22m[39m
   [33m[2mΓ£ô[22m[39m Chatbot Integration Tests[2m > [22mchatbot shows loading state while processing [33m 1295[2mms[22m[39m
   [33m[2mΓ£ô[22m[39m Chatbot Integration Tests[2m > [22mchat history persists across re-renders [33m 477[2mms[22m[39m
 [32mΓ£ô[39m src/components/toast/__tests__/ToastManager.test.jsx [2m([22m[2m17 tests[22m[2m)[22m[33m 405[2mms[22m[39m
 [32mΓ£ô[39m src/components/testimonials/__tests__/TestimonialsSection.test.jsx [2m([22m[2m17 tests[22m[2m)[22m[33m 367[2mms[22m[39m
 [32mΓ£ô[39m src/hooks/__tests__/useAIChat.test.js [2m([22m[2m18 tests[22m[2m)[22m[33m 354[2mms[22m[39m
 [32mΓ£ô[39m src/pages/__tests__/InterviewPrepAI.test.jsx [2m([22m[2m8 tests[22m[2m)[22m[33m 398[2mms[22m[39m
 [32mΓ£ô[39m src/pages/__tests__/HireDisk.test.jsx [2m([22m[2m8 tests[22m[2m)[22m[33m 398[2mms[22m[39m
 [32mΓ£ô[39m src/components/faq/__tests__/FAQDropdown.test.jsx [2m([22m[2m32 tests[22m[2m)[22m[33m 445[2mms[22m[39m
 [32mΓ£ô[39m src/components/error/__tests__/NetworkError.test.jsx [2m([22m[2m24 tests[22m[2m)[22m[33m 348[2mms[22m[39m
 [32mΓ£ô[39m src/components/toast/__tests__/Toast.test.jsx [2m([22m[2m24 tests[22m[2m | [22m[33m1 skipped[39m[2m)[22m[33m 384[2mms[22m[39m
 [32mΓ£ô[39m src/components/error/__tests__/LoadingError.test.jsx [2m([22m[2m15 tests[22m[2m)[22m[32m 292[2mms[22m[39m
stderr | src/components/resume/__tests__/ResumeUpload.test.jsx > ResumeUpload Component > rejects invalid file type
Invalid file type: text/plain Extension: .txt

 [32mΓ£ô[39m src/components/faq/__tests__/FAQSection.test.jsx [2m([22m[2m19 tests[22m[2m)[22m[32m 228[2mms[22m[39m
 [32mΓ£ô[39m src/components/resume/__tests__/ResumeUpload.test.jsx [2m([22m[2m25 tests[22m[2m)[22m[33m 416[2mms[22m[39m
 [32mΓ£ô[39m src/components/toast/__tests__/SimpleToast.test.jsx [2m([22m[2m20 tests[22m[2m)[22m[32m 208[2mms[22m[39m
 [32mΓ£ô[39m src/test/integration/setup.integration.test.jsx [2m([22m[2m4 tests[22m[2m)[22m[32m 90[2mms[22m[39m
 [32mΓ£ô[39m src/pages/__tests__/NotFound.test.jsx [2m([22m[2m8 tests[22m[2m)[22m[32m 173[2mms[22m[39m
 [32mΓ£ô[39m src/test/integration/landing-page.integration.test.jsx [2m([22m[2m5 tests[22m[2m)[22m[32m 253[2mms[22m[39m
 [32mΓ£ô[39m src/test/integration/user-journey.test.jsx [2m([22m[2m3 tests[22m[2m)[22m[32m 96[2mms[22m[39m
 [32mΓ£ô[39m src/test/integration/aiApi.test.js [2m([22m[2m12 tests[22m[2m)[22m[32m 85[2mms[22m[39m
 [32mΓ£ô[39m src/hooks/__tests__/useToast.test.js [2m([22m[2m3 tests[22m[2m)[22m[32m 67[2mms[22m[39m
 [32mΓ£ô[39m src/components/__tests__/NavigationButton.test.jsx [2m([22m[2m3 tests[22m[2m)[22m[32m 189[2mms[22m[39m
 [32mΓ£ô[39m src/components/toast/__tests__/ToastContext.test.jsx [2m([22m[2m3 tests[22m[2m)[22m[32m 52[2mms[22m[39m
 [32mΓ£ô[39m src/test/integration/api-workflow.test.jsx [2m([22m[2m13 tests[22m[2m)[22m[32m 87[2mms[22m[39m
 [32mΓ£ô[39m src/pages/__tests__/LandingPage.test.jsx [2m([22m[2m5 tests[22m[2m)[22m[32m 82[2mms[22m[39m
 [32mΓ£ô[39m src/utils/__tests__/errorHandler.test.js [2m([22m[2m25 tests[22m[2m)[22m[32m 22[2mms[22m[39m
 [32mΓ£ô[39m src/utils/__tests__/resumeRateLimitService.test.js [2m([22m[2m18 tests[22m[2m)[22m[32m 48[2mms[22m[39m
 [32mΓ£ô[39m src/utils/__tests__/env.test.js [2m([22m[2m4 tests[22m[2m)[22m[32m 18[2mms[22m[39m

[2m Test Files [22m [1m[32m36 passed[39m[22m[90m (36)[39m
[2m      Tests [22m [1m[32m536 passed[39m[22m[2m | [22m[33m2 skipped[39m[90m (538)[39m
[2m   Start at [22m 20:22:32
[2m   Duration [22m 19.08s[2m (transform 2.26s, setup 28.57s, collect 6.27s, tests 16.39s, environment 34.84s, prepare 10.79s)[22m

[34m % [39m[2mCoverage report from [22m[33mv8[39m
-------------------|---------|----------|---------|---------|-------------------
File               | % Stmts | % Branch | % Funcs | % Lines | Uncovered Line #s 
-------------------|---------|----------|---------|---------|-------------------
All files          |   58.03 |    80.66 |   75.64 |   58.03 |                   
 loadtest          |       0 |        0 |       0 |       0 |                   
  k6-load-test.js  |       0 |        0 |       0 |       0 | 1-237             
  ...-processor.js |       0 |        0 |       0 |       0 | 1-143             
 src               |       0 |        0 |       0 |       0 |                   
  App.jsx          |       0 |        0 |       0 |       0 | 1-27              
  main.jsx         |       0 |        0 |       0 |       0 | 1-157             
 src/components    |   90.93 |    88.09 |   81.81 |   90.93 |                   
  Chatbot.jsx      |   98.68 |    90.24 |      90 |   98.68 | 51-52,214,224     
  ...riterText.jsx |       0 |        0 |       0 |       0 | 1-26              
 ...onents/buttons |   80.39 |       40 |   66.66 |   80.39 |                   
  ...ionButton.jsx |   80.39 |       40 |   66.66 |   80.39 | ...33,37-38,50-53 
 ...mponents/error |   97.82 |    85.71 |     100 |   97.82 |                   
  ...rBoundary.jsx |   98.71 |     92.3 |     100 |   98.71 | 27-28             
  LoadingError.jsx |     100 |      100 |     100 |     100 |                   
  NetworkError.jsx |   95.55 |    57.14 |     100 |   95.55 | 22,24,33,35,44,46 
  ...imitError.jsx |   95.33 |    86.66 |     100 |   95.33 | 24-26,49-52       
  ...imitError.jsx |     100 |      100 |     100 |     100 |                   
 ...components/faq |     100 |    96.66 |     100 |     100 |                   
  FAQDropdown.jsx  |     100 |      100 |     100 |     100 |                   
  FAQSection.jsx   |     100 |    66.66 |     100 |     100 | 46                
 ...nents/features |     100 |      100 |     100 |     100 |                   
  ...esSection.jsx |     100 |      100 |     100 |     100 |                   
 ...omponents/hero |     100 |      100 |     100 |     100 |                   
  HeroSection.jsx  |     100 |      100 |     100 |     100 |                   
 ...ponents/layout |     100 |    97.05 |   81.81 |     100 |                   
  Footer.jsx       |     100 |      100 |     100 |     100 |                   
  Header.jsx       |     100 |    96.66 |      80 |     100 | 77                
 ...onents/loading |       0 |        0 |       0 |       0 |                   
  PageLoader.jsx   |       0 |        0 |       0 |       0 | 1-12              
 ...onents/privacy |       0 |        0 |       0 |       0 |                   
  ...entBanner.jsx |       0 |        0 |       0 |       0 | 1-198             
 ...ponents/resume |   60.21 |     87.5 |      90 |   60.21 |                   
  ...LimitInfo.jsx |       0 |        0 |       0 |       0 | 1-111             
  ResumeUpload.jsx |     100 |    90.32 |     100 |     100 | 48,93,102         
 ...nents/security |       0 |        0 |       0 |       0 |                   
  ...Dashboard.jsx |       0 |        0 |       0 |       0 | 1-315             
 ...s/testimonials |     100 |      100 |     100 |     100 |                   
  ...lsSection.jsx |     100 |      100 |     100 |     100 |                   
 ...mponents/toast |   89.83 |    85.47 |   71.42 |   89.83 |                   
  SimpleToast.jsx  |     100 |      100 |     100 |     100 |                   
  Toast.jsx        |   85.29 |    81.96 |   64.28 |   85.29 | ...12-415,443,445 
  ToastContext.jsx |     100 |      100 |     100 |     100 |                   
  ToastManager.jsx |    98.1 |    83.78 |      75 |    98.1 | 175,180,182       
 src/data          |       0 |        0 |       0 |       0 |                   
  ...erFeatures.js |       0 |        0 |       0 |       0 | 1-38              
  candidateTips.js |       0 |        0 |       0 |       0 | 1-48              
  enhancePlan.js   |       0 |        0 |       0 |       0 | 1-75              
  faqs.js          |       0 |        0 |       0 |       0 | 1-53              
  features.js      |       0 |        0 |       0 |       0 | 1-60              
  ...uggestions.js |       0 |        0 |       0 |       0 | 1-44              
  ...nsFeatures.js |       0 |        0 |       0 |       0 | 1-62              
  testimonials.js  |       0 |        0 |       0 |       0 | 1-38              
 src/hooks         |   98.27 |     97.5 |     100 |   98.27 |                   
  useAIChat.js     |   98.14 |    97.29 |     100 |   98.14 | 81-83             
  useToast.js      |     100 |      100 |     100 |     100 |                   
 src/pages         |   52.76 |    62.12 |      64 |   52.76 |                   
  ATSAnalyzer.jsx  |   99.66 |      100 |     100 |   99.66 | 10                
  HireDisk.jsx     |     100 |      100 |     100 |     100 |                   
  ...iewPrepAI.jsx |     100 |      100 |     100 |     100 |                   
  LandingPage.jsx  |     100 |      100 |     100 |     100 |                   
  NotFound.jsx     |     100 |      100 |     100 |     100 |                   
  ...acyPolicy.jsx |       0 |        0 |       0 |       0 | 1-270             
  ...uggestion.jsx |   49.97 |    58.97 |   41.66 |   49.97 | ...2169,2297-2300 
  ...OfService.jsx |       0 |        0 |       0 |       0 | 1-497             
 src/utils         |   42.21 |     83.8 |   92.85 |   42.21 |                   
  aiApi.js         |    95.7 |    73.07 |     100 |    95.7 | ...35,41-44,53-54 
  api.js           |   86.66 |        0 |     100 |   86.66 | 8,14              
  env.js           |     100 |      100 |     100 |     100 |                   
  errorHandler.js  |   99.18 |    93.61 |     100 |   99.18 | 59                
  ...nceMonitor.js |       0 |        0 |       0 |       0 | 1-231             
  ...mitService.js |    98.7 |     91.3 |     100 |    98.7 | 91-92             
  securityAudit.js |       0 |        0 |       0 |       0 | 1-470             
-------------------|---------|----------|---------|---------|-------------------
